// Jest Snapshot v1, https://goo.gl/fbAQLP

exports[`Process detail renders correctly 1`] = `
<DocumentFragment>
  <div
    class="process-detail"
    style="display: inline-block; padding: 0px 40px; text-align: left;"
  >
    <div>
      Some text about N35
    </div>
    <div />
  </div>
</DocumentFragment>
`;
